
> react-typescript-starter@0.1.0 test
> react-scripts test "--coverage"

  console.error
    Warning: validateDOMNesting(...): <div> cannot appear as a descendant of <p>.
        at div
        at p
        at div
        at div
        at App

      at printWarning (node_modules/react-dom/cjs/react-dom.development.js:67:30)
      at error (node_modules/react-dom/cjs/react-dom.development.js:43:5)
      at validateDOMNesting (node_modules/react-dom/cjs/react-dom.development.js:10083:7)
      at createInstance (node_modules/react-dom/cjs/react-dom.development.js:10181:5)
      at completeWork (node_modules/react-dom/cjs/react-dom.development.js:19464:28)
      at completeUnitOfWork (node_modules/react-dom/cjs/react-dom.development.js:22812:16)
      at performUnitOfWork (node_modules/react-dom/cjs/react-dom.development.js:22787:5)

  console.error
    Warning: validateDOMNesting(...): <tr> cannot appear as a child of <table>. Add a <tbody>, <thead> or <tfoot> to your code to match the DOM tree generated by the browser.
        at tr
        at table
        at div
        at SemesterViewHome (/home/runner/work/cis-scheduler-team-15/cis-scheduler-team-15/src/Components/SemesterViewHome.tsx:10:5)
        at div
        at div
        at div
        at /home/runner/work/cis-scheduler-team-15/cis-scheduler-team-15/node_modules/react-bootstrap/cjs/Col.js:72:8
        at div
        at /home/runner/work/cis-scheduler-team-15/cis-scheduler-team-15/node_modules/react-bootstrap/cjs/Row.js:22:3
        at div
        at DegreePlanView (/home/runner/work/cis-scheduler-team-15/cis-scheduler-team-15/src/Components/degree_plan_view.tsx:12:5)
        at span
        at div
        at div
        at /home/runner/work/cis-scheduler-team-15/cis-scheduler-team-15/node_modules/react-bootstrap/cjs/Col.js:72:8
        at div
        at /home/runner/work/cis-scheduler-team-15/cis-scheduler-team-15/node_modules/react-bootstrap/cjs/Row.js:22:3
        at div
        at /home/runner/work/cis-scheduler-team-15/cis-scheduler-team-15/node_modules/react-bootstrap/cjs/Stack.js:23:7
        at DegreePlans (/home/runner/work/cis-scheduler-team-15/cis-scheduler-team-15/src/Components/degree_plans.tsx:11:31)
        at div
        at CourseState (/home/runner/work/cis-scheduler-team-15/cis-scheduler-team-15/src/Components/course_state.tsx:12:35)
        at div
        at App

      at printWarning (node_modules/react-dom/cjs/react-dom.development.js:67:30)
      at error (node_modules/react-dom/cjs/react-dom.development.js:43:5)
      at validateDOMNesting (node_modules/react-dom/cjs/react-dom.development.js:10081:7)
      at createInstance (node_modules/react-dom/cjs/react-dom.development.js:10181:5)
      at completeWork (node_modules/react-dom/cjs/react-dom.development.js:19464:28)
      at completeUnitOfWork (node_modules/react-dom/cjs/react-dom.development.js:22812:16)
      at performUnitOfWork (node_modules/react-dom/cjs/react-dom.development.js:22787:5)

PASS src/App.test.tsx (11.399 s)
  Final Project Tests
    ✓ Insert and Remove a degree plan (955 ms)
    ✓ Students can see a list of all the degree plans they have made (433 ms)
    ✓ Students can see a list of degree requirements (236 ms)
    ✓ Students can see a list of existing courses (351 ms)
    ✓ Students can see a table that shows semesters and courses (289 ms)
    ✓ Students can insert or remove a semester in a plan (501 ms)
    ✓ Students can clear out all the existing courses in a semester (1165 ms)
    ✓ Students can clear out individual courses in a semester (1082 ms)
    ✓ Students can insert a course in a semester (1046 ms)
    ✓ Students can clear out semesters in a plan (430 ms)
    ✓ Students can visualize the unfilled requirements of a plan (537 ms)
    ✓ Semesters are Automatically sorted in a degree plan (1229 ms)

---------------------------------|---------|----------|---------|---------|----------------------------------------------------
File                             | % Stmts | % Branch | % Funcs | % Lines | Uncovered Line #s                                  
---------------------------------|---------|----------|---------|---------|----------------------------------------------------
All files                        |   70.23 |    57.54 |    73.8 |      70 |                                                    
 src                             |     100 |      100 |     100 |     100 |                                                    
  App.tsx                        |     100 |      100 |     100 |     100 |                                                    
 src/Components                  |   70.17 |    57.54 |   73.68 |   69.93 |                                                    
  SemesterViewHome.tsx           |     100 |      100 |     100 |     100 |                                                    
  SemesterViewModal.tsx          |     100 |      100 |     100 |     100 |                                                    
  add_course.tsx                 |   84.78 |    58.33 |   80.55 |   84.78 | 42-43,87,89,91,105,109,125,160,168,176,200-201,218 
  add_semester.tsx               |      95 |      100 |    87.5 |      95 | 65                                                 
  check_requirements.tsx         |   99.19 |    83.33 |      98 |   99.19 | 181                                                
  course_list.tsx                |     100 |      100 |     100 |     100 |                                                    
  course_list_view.tsx           |     100 |      100 |     100 |     100 |                                                    
  course_list_view_info.tsx      |   85.71 |      100 |   77.77 |   85.71 | 46-54                                              
  course_list_view_info_edit.tsx |    4.06 |        0 |    2.38 |     3.3 | 47-526                                             
  course_state.tsx               |   66.66 |        0 |      50 |      60 | 14-17                                              
  degree_plan_view.tsx           |     100 |      100 |     100 |     100 |                                                    
  degree_plans.tsx               |     100 |       75 |     100 |     100 | 17-46                                              
  degree_requirement_view.tsx    |     100 |      100 |     100 |     100 |                                                    
  degree_requirements.tsx        |     100 |      100 |     100 |     100 |                                                    
  edit_semester.tsx              |   93.33 |      100 |   88.88 |   93.33 | 73                                                 
 src/Interfaces                  |       0 |        0 |       0 |       0 |                                                    
  course.ts                      |       0 |        0 |       0 |       0 |                                                    
  degree.ts                      |       0 |        0 |       0 |       0 |                                                    
  semester.ts                    |       0 |        0 |       0 |       0 |                                                    
---------------------------------|---------|----------|---------|---------|----------------------------------------------------
Test Suites: 1 passed, 1 total
Tests:       12 passed, 12 total
Snapshots:   0 total
Time:        12.038 s
Ran all test suites.
